../Drivers/APDS_9930/src/driver.c:10:6:APDS9930_Init	4	static
../Drivers/APDS_9930/src/driver.c:15:9:APDS9930_Read_ID	16	static
../Drivers/APDS_9930/src/driver.c:27:6:lightSensorOn	8	static
../Drivers/APDS_9930/src/driver.c:44:6:lightSensorOff	8	static
../Drivers/APDS_9930/src/driver.c:53:6:proximitySensorOn	8	static
../Drivers/APDS_9930/src/driver.c:74:6:proximitySensorOff	8	static
../Drivers/APDS_9930/src/driver.c:87:6:setAmbientLightGain	24	static
../Drivers/APDS_9930/src/driver.c:106:6:setProximityGain	24	static
../Drivers/APDS_9930/src/driver.c:123:6:setProximityDiode	24	static
../Drivers/APDS_9930/src/driver.c:142:6:setLEDIntensity	24	static
../Drivers/APDS_9930/src/driver.c:160:6:powerOffSensor	16	static
../Drivers/APDS_9930/src/driver.c:172:6:powerOnSensor	16	static
../Drivers/APDS_9930/src/driver.c:188:6:setOperation	24	static
../Drivers/APDS_9930/src/driver.c:215:6:APDS9930_ReadByte	16	static
../Drivers/APDS_9930/src/driver.c:234:6:APDS9930_WriteByte	16	static
