../Drivers/APDS_9930/src/driver.c:10:6:APDS9930_Init	8	static
../Drivers/APDS_9930/src/driver.c:62:9:APDS9930_Read_ID	16	static
../Drivers/APDS_9930/src/driver.c:74:6:lightSensorOn	8	static
../Drivers/APDS_9930/src/driver.c:91:6:lightSensorOff	8	static
../Drivers/APDS_9930/src/driver.c:100:6:proximitySensorOn	8	static
../Drivers/APDS_9930/src/driver.c:121:6:proximitySensorOff	8	static
../Drivers/APDS_9930/src/driver.c:134:6:setAmbientLightGain	24	static
../Drivers/APDS_9930/src/driver.c:152:9:getAmbientLightGain	16	static
../Drivers/APDS_9930/src/driver.c:164:6:setProximityGain	24	static
../Drivers/APDS_9930/src/driver.c:181:6:setProximityDiode	24	static
../Drivers/APDS_9930/src/driver.c:200:6:setLEDIntensity	24	static
../Drivers/APDS_9930/src/driver.c:218:6:powerOffSensor	16	static
../Drivers/APDS_9930/src/driver.c:230:6:powerOnSensor	16	static
../Drivers/APDS_9930/src/driver.c:241:6:setOperation	24	static
../Drivers/APDS_9930/src/driver.c:267:6:setATIME	16	static
../Drivers/APDS_9930/src/driver.c:277:6:setWTIME	16	static
../Drivers/APDS_9930/src/driver.c:286:6:setPTIME	16	static
../Drivers/APDS_9930/src/driver.c:296:6:setPPULSE	16	static
../Drivers/APDS_9930/src/driver.c:305:6:setPOFFSET	16	static
../Drivers/APDS_9930/src/driver.c:315:6:setCONFIG	16	static
../Drivers/APDS_9930/src/driver.c:326:6:readCh0Light	16	static
../Drivers/APDS_9930/src/driver.c:339:6:readCh1Light	16	static
../Drivers/APDS_9930/src/driver.c:351:6:readAmbientLight	56	static
../Drivers/APDS_9930/src/driver.c:384:6:readProximity	16	static
../Drivers/APDS_9930/src/driver.c:397:6:APDS9930_ReadByte	16	static
../Drivers/APDS_9930/src/driver.c:409:6:APDS9930_ReadWord	24	static
../Drivers/APDS_9930/src/driver.c:423:6:APDS9930_WriteByte	16	static
