../Drivers/APDS_9930/src/driver.c:10:6:APDS9930_Init	8	static
../Drivers/APDS_9930/src/driver.c:58:9:APDS9930_Read_ID	16	static
../Drivers/APDS_9930/src/driver.c:70:6:lightSensorOn	8	static
../Drivers/APDS_9930/src/driver.c:87:6:lightSensorOff	8	static
../Drivers/APDS_9930/src/driver.c:96:6:proximitySensorOn	8	static
../Drivers/APDS_9930/src/driver.c:117:6:proximitySensorOff	8	static
../Drivers/APDS_9930/src/driver.c:130:6:setAmbientLightGain	24	static
../Drivers/APDS_9930/src/driver.c:148:9:getAmbientLightGain	16	static
../Drivers/APDS_9930/src/driver.c:160:6:setProximityGain	24	static
../Drivers/APDS_9930/src/driver.c:177:6:setProximityDiode	24	static
../Drivers/APDS_9930/src/driver.c:196:6:setLEDIntensity	24	static
../Drivers/APDS_9930/src/driver.c:214:6:powerOffSensor	16	static
../Drivers/APDS_9930/src/driver.c:226:6:powerOnSensor	16	static
../Drivers/APDS_9930/src/driver.c:237:6:setOperation	24	static
../Drivers/APDS_9930/src/driver.c:263:6:setATIME	16	static
../Drivers/APDS_9930/src/driver.c:273:6:setWTIME	16	static
../Drivers/APDS_9930/src/driver.c:282:6:setPTIME	16	static
../Drivers/APDS_9930/src/driver.c:292:6:setPPULSE	16	static
../Drivers/APDS_9930/src/driver.c:301:6:setPOFFSET	16	static
../Drivers/APDS_9930/src/driver.c:311:6:setCONFIG	16	static
../Drivers/APDS_9930/src/driver.c:322:6:readCh0Light	16	static
../Drivers/APDS_9930/src/driver.c:335:6:readCh1Light	16	static
../Drivers/APDS_9930/src/driver.c:347:6:readAmbientLight	56	static
../Drivers/APDS_9930/src/driver.c:380:6:readProximity	16	static
../Drivers/APDS_9930/src/driver.c:393:6:APDS9930_ReadByte	16	static
../Drivers/APDS_9930/src/driver.c:405:6:APDS9930_ReadWord	24	static
../Drivers/APDS_9930/src/driver.c:419:6:APDS9930_WriteByte	16	static
